// Jest Snapshot v1, https://goo.gl/fbAQLP

exports[`Box should render correctly 1`] = `
<DocumentFragment>
  <div
    class="sc-bdVaJa cTECYE"
  />
</DocumentFragment>
`;
