// Jest Snapshot v1, https://goo.gl/fbAQLP

exports[`Main renders without crashing 1`] = `
<DocumentFragment>
  <main
    class="sc-bdVaJa sc-bwzfXH sc-htoDjs jiVnaf"
  />
</DocumentFragment>
`;
