// Jest Snapshot v1, https://goo.gl/fbAQLP

exports[`Nav renders without crashing 1`] = `
<DocumentFragment>
  <main
    class="sc-bdVaJa sc-bwzfXH sc-gZMcBi iWKbcB"
    color="white"
    data-testid="main"
  >
    <header
      class="sc-bdVaJa sc-bwzfXH sc-iwsKbI dUmjld"
      width="100%"
    >
      <a
        class="sc-bdVaJa sc-htoDjs jssEWI sc-htpNat cYLLdT"
        color="black"
        font-family="sans"
        font-size="0,1"
        font-weight="600"
        href="/home"
      >
        narendras
        <span
          class="sc-bdVaJa sc-htpNat fYauba"
          font-family="sans"
          font-size="0,1"
          font-weight="300"
        >
          .io
        </span>
      </a>
      <nav
        class="sc-bdVaJa sc-dnqmqq hjWSCW"
        display="none,block"
      >
        <a
          class="sc-bdVaJa sc-htoDjs jssEWI sc-htpNat dRQZBK"
          color="black"
          font-family="sans"
          font-size="0,1"
          href="/projects"
        >
          projects
        </a>
        <a
          class="sc-bdVaJa sc-htoDjs jssEWI sc-htpNat dRQZBK"
          color="black"
          font-family="sans"
          font-size="0,1"
          href="/about"
        >
          about
        </a>
        <a
          class="sc-bdVaJa sc-htoDjs jssEWI sc-htpNat dRQZBK"
          color="black"
          font-family="sans"
          font-size="0,1"
          href="/blog"
        >
          blog
        </a>
        <a
          class="sc-bdVaJa sc-htoDjs jssEWI sc-htpNat dRQZBK"
          color="black"
          font-family="sans"
          font-size="0,1"
          href="/resume"
        >
          resume
        </a>
      </nav>
    </header>
    <button
      class="sc-bdVaJa sc-gqjmRU sc-jTzLTM hzYros sc-dnqmqq kXPwVz"
      data-testid="button-close"
      display="block,none"
      type="button"
      width="4.5rem"
    >
      <div
        class="sc-bdVaJa sc-dnqmqq sc-fjdhpX sc-jzJRlG gJpFoh"
        width="4.5rem"
      />
      <div
        class="sc-bdVaJa sc-dnqmqq sc-fjdhpX sc-jzJRlG gJpFoh"
        width="4.5rem"
      />
    </button>
    <a
      class="sc-bdVaJa sc-htoDjs jssEWI sc-htpNat Aqqzh"
      color="white"
      font-family="sans"
      font-size="3"
      font-weight="600"
      href="/projects"
    >
      Projects
    </a>
    <a
      class="sc-bdVaJa sc-htoDjs jssEWI sc-htpNat Aqqzh"
      color="white"
      font-family="sans"
      font-size="3"
      font-weight="600"
      href="/about"
    >
      About
    </a>
    <a
      class="sc-bdVaJa sc-htoDjs jssEWI sc-htpNat Aqqzh"
      color="white"
      font-family="sans"
      font-size="3"
      font-weight="600"
      href="/blog"
    >
      Blog
    </a>
    <a
      class="sc-bdVaJa sc-htoDjs jssEWI sc-htpNat Aqqzh"
      color="white"
      font-family="sans"
      font-size="3"
      font-weight="600"
      href="/resume"
    >
      Resume
    </a>
  </main>
</DocumentFragment>
`;
