// Jest Snapshot v1, https://goo.gl/fbAQLP

exports[`Layout renders without crashing 1`] = `
<DocumentFragment>
  <main
    class="sc-bdVaJa sc-bwzfXH sc-gZMcBi bKgYbR"
    data-testid="content"
  >
    <header
      class="sc-bdVaJa sc-bwzfXH sc-iwsKbI dUmjld"
      width="100%"
    >
      <p
        class="sc-bdVaJa sc-htpNat jzCLQO"
        font-family="sans"
        font-size="0,1"
        font-weight="600"
      >
        narendras
        <span
          class="sc-bdVaJa sc-htpNat fYauba"
          font-family="sans"
          font-size="0,1"
          font-weight="300"
        >
          .io
        </span>
      </p>
      <nav
        class="sc-bdVaJa sc-dnqmqq hjWSCW"
        display="none,block"
      >
        <a
          class="sc-bdVaJa sc-htoDjs jssEWI sc-htpNat dRQZBK"
          color="black"
          font-family="sans"
          font-size="0,1"
          href="/projects"
        >
          projects
        </a>
        <a
          class="sc-bdVaJa sc-htoDjs jssEWI sc-htpNat dRQZBK"
          color="black"
          font-family="sans"
          font-size="0,1"
          href="/about"
        >
          about
        </a>
        <a
          class="sc-bdVaJa sc-htoDjs jssEWI sc-htpNat dRQZBK"
          color="black"
          font-family="sans"
          font-size="0,1"
          href="/blog"
        >
          blog
        </a>
        <a
          class="sc-bdVaJa sc-htoDjs jssEWI sc-htpNat dRQZBK"
          color="black"
          font-family="sans"
          font-size="0,1"
          href="/resume"
        >
          resume
        </a>
      </nav>
    </header>
    <button
      class="sc-bdVaJa sc-gqjmRU sc-VigVT bvdyGS sc-dnqmqq kXPwVz"
      data-testid="nav-button"
      display="block,none"
      type="button"
      width="4.5rem"
    >
      <div
        class="sc-bdVaJa sc-dnqmqq sc-fjdhpX hFTANy"
        width="4.5rem"
      />
      <div
        class="sc-bdVaJa sc-dnqmqq sc-fjdhpX cVrGbe"
        width="3.6rem"
      />
      <div
        class="sc-bdVaJa sc-dnqmqq sc-fjdhpX gTeBaA"
        width="2.25rem"
      />
    </button>
  </main>
</DocumentFragment>
`;
