// Jest Snapshot v1, https://goo.gl/fbAQLP

exports[`NavIconButton renders without crashing 1`] = `
<DocumentFragment>
  <button
    class="sc-bdVaJa sc-dnqmqq hLixnB sc-htoDjs qIBAg"
    data-testid="button"
    type="button"
  />
</DocumentFragment>
`;
